------------------------------------------------------------
TimeQuest Timing Analyzer Summary
------------------------------------------------------------

Type  : Slow 1200mV 100C Model Setup 'clk'
Slack : -0.869
TNS   : -2.552

Type  : Slow 1200mV 100C Model Hold 'clk'
Slack : 0.430
TNS   : 0.000

Type  : Slow 1200mV 100C Model Minimum Pulse Width 'clk'
Slack : -3.000
TNS   : -6.855

Type  : Slow 1200mV 100C Model Minimum Pulse Width 'stall_bit'
Slack : -3.000
TNS   : -4.285

Type  : Slow 1200mV -40C Model Setup 'clk'
Slack : -0.815
TNS   : -2.351

Type  : Slow 1200mV -40C Model Hold 'clk'
Slack : 0.377
TNS   : 0.000

Type  : Slow 1200mV -40C Model Minimum Pulse Width 'clk'
Slack : -3.000
TNS   : -6.855

Type  : Slow 1200mV -40C Model Minimum Pulse Width 'stall_bit'
Slack : -3.000
TNS   : -4.285

Type  : Fast 1200mV -40C Model Setup 'clk'
Slack : 0.148
TNS   : 0.000

Type  : Fast 1200mV -40C Model Hold 'clk'
Slack : 0.182
TNS   : 0.000

Type  : Fast 1200mV -40C Model Minimum Pulse Width 'clk'
Slack : -3.000
TNS   : -6.156

Type  : Fast 1200mV -40C Model Minimum Pulse Width 'stall_bit'
Slack : -3.000
TNS   : -4.083

------------------------------------------------------------
