------------------------------------------------------------
TimeQuest Timing Analyzer Summary
------------------------------------------------------------

Type  : Slow 1200mV 100C Model Setup 'A2[0]'
Slack : -3.286
TNS   : -20.270

Type  : Slow 1200mV 100C Model Setup 'A1[0]'
Slack : -3.043
TNS   : -19.107

Type  : Slow 1200mV 100C Model Hold 'A1[0]'
Slack : 0.366
TNS   : 0.000

Type  : Slow 1200mV 100C Model Hold 'A2[0]'
Slack : 0.744
TNS   : 0.000

Type  : Slow 1200mV 100C Model Minimum Pulse Width 'A2[0]'
Slack : -3.000
TNS   : -6.059

Type  : Slow 1200mV 100C Model Minimum Pulse Width 'A1[0]'
Slack : -3.000
TNS   : -3.126

Type  : Slow 1200mV -40C Model Setup 'A2[0]'
Slack : -2.985
TNS   : -18.560

Type  : Slow 1200mV -40C Model Setup 'A1[0]'
Slack : -2.856
TNS   : -17.556

Type  : Slow 1200mV -40C Model Hold 'A1[0]'
Slack : 0.281
TNS   : 0.000

Type  : Slow 1200mV -40C Model Hold 'A2[0]'
Slack : 0.780
TNS   : 0.000

Type  : Slow 1200mV -40C Model Minimum Pulse Width 'A2[0]'
Slack : -3.000
TNS   : -4.100

Type  : Slow 1200mV -40C Model Minimum Pulse Width 'A1[0]'
Slack : -3.000
TNS   : -3.004

Type  : Fast 1200mV -40C Model Setup 'A2[0]'
Slack : -1.746
TNS   : -10.808

Type  : Fast 1200mV -40C Model Setup 'A1[0]'
Slack : -1.679
TNS   : -10.418

Type  : Fast 1200mV -40C Model Hold 'A1[0]'
Slack : 0.005
TNS   : 0.000

Type  : Fast 1200mV -40C Model Hold 'A2[0]'
Slack : 0.373
TNS   : 0.000

Type  : Fast 1200mV -40C Model Minimum Pulse Width 'A2[0]'
Slack : -3.000
TNS   : -6.441

Type  : Fast 1200mV -40C Model Minimum Pulse Width 'A1[0]'
Slack : -3.000
TNS   : -3.418

------------------------------------------------------------
